Starting playwright in headless=True
Output_dir: import/websites/gr.maharashtra.gov.in/Sep-2026/28-Sep-2026_v1
Setting form element: SitePH_txtFromDate
Setting form element: SitePH_txtToDate
https://gr.maharashtra.gov.in/1145/Government-Resolutions ../Site/Upload/Government%20Resolutions/English/202609281624278906.pdf
https://gr.maharashtra.gov.in/1145/Government-Resolutions ../Site/Upload/Government%20Resolutions/English/202609281627011506.pdf
https://gr.maharashtra.gov.in/1145/Government-Resolutions ../Site/Upload/Government%20Resolutions/English/202609281104503207.pdf
https://gr.maharashtra.gov.in/1145/Government-Resolutions ../Site/Upload/Government%20Resolutions/English/202609281507489307.pdf
https://gr.maharashtra.gov.in/1145/Government-Resolutions ../Site/Upload/Government%20Resolutions/English/202609281623190607.pdf
https://gr.maharashtra.gov.in/1145/Government-Resolutions ../Site/Upload/Government%20Resolutions/English/202609281511093207.pdf
https://gr.maharashtra.gov.in/1145/Government-Resolutions ../Site/Upload/Government%20Resolutions/English/202609281748418408.pdf
https://gr.maharashtra.gov.in/1145/Government-Resolutions ../Site/Upload/Government%20Resolutions/English/202609281750427808.pdf
https://gr.maharashtra.gov.in/1145/Government-Resolutions ../Site/Upload/Government%20Resolutions/English/202609281752303908.pdf
https://gr.maharashtra.gov.in/1145/Government-Resolutions ../Site/Upload/Government%20Resolutions/English/202609281854288009.pdf
https://gr.maharashtra.gov.in/1145/Government-Resolutions ../Site/Upload/Government%20Resolutions/English/202609281736051912.pdf
https://gr.maharashtra.gov.in/1145/Government-Resolutions ../Site/Upload/Government%20Resolutions/English/202609281615303312.pdf
https://gr.maharashtra.gov.in/1145/Government-Resolutions ../Site/Upload/Government%20Resolutions/English/202609281244539016.pdf
https://gr.maharashtra.gov.in/1145/Government-Resolutions ../Site/Upload/Government%20Resolutions/English/202609281452398017.pdf
https://gr.maharashtra.gov.in/1145/Government-Resolutions ../Site/Upload/Government%20Resolutions/English/202609281749055417.pdf
https://gr.maharashtra.gov.in/1145/Government-Resolutions ../Site/Upload/Government%20Resolutions/English/202609281148340917.pdf
https://gr.maharashtra.gov.in/1145/Government-Resolutions ../Site/Upload/Government%20Resolutions/English/202609281206574820.pdf
https://gr.maharashtra.gov.in/1145/Government-Resolutions ../Site/Upload/Government%20Resolutions/English/202609281131210720.pdf
https://gr.maharashtra.gov.in/1145/Government-Resolutions ../Site/Upload/Government%20Resolutions/English/202609281743553824.pdf
https://gr.maharashtra.gov.in/1145/Government-Resolutions ../Site/Upload/Government%20Resolutions/English/202609281818425425.pdf
https://gr.maharashtra.gov.in/1145/Government-Resolutions ../Site/Upload/Government%20Resolutions/English/202609281125465327.pdf
https://gr.maharashtra.gov.in/1145/Government-Resolutions ../Site/Upload/Government%20Resolutions/English/202609281257309627.pdf
https://gr.maharashtra.gov.in/1145/Government-Resolutions ../Site/Upload/Government%20Resolutions/English/202609281257331827.pdf
https://gr.maharashtra.gov.in/1145/Government-Resolutions ../Site/Upload/Government%20Resolutions/English/202609281748494027.pdf
https://gr.maharashtra.gov.in/1145/Government-Resolutions ../Site/Upload/Government%20Resolutions/English/202609281257430127.pdf
https://gr.maharashtra.gov.in/1145/Government-Resolutions ../Site/Upload/Government%20Resolutions/English/202609281125346927.pdf
https://gr.maharashtra.gov.in/1145/Government-Resolutions ../Site/Upload/Government%20Resolutions/English/202609281125224227.pdf
https://gr.maharashtra.gov.in/1145/Government-Resolutions ../Site/Upload/Government%20Resolutions/English/202609281833159929.pdf
https://gr.maharashtra.gov.in/1145/Government-Resolutions ../Site/Upload/Government%20Resolutions/English/202609281836159529.pdf
https://gr.maharashtra.gov.in/1145/Government-Resolutions ../Site/Upload/Government%20Resolutions/English/202609281720510129.pdf
https://gr.maharashtra.gov.in/1145/Government-Resolutions ../Site/Upload/Government%20Resolutions/English/202609281135426330.pdf
https://gr.maharashtra.gov.in/1145/Government-Resolutions ../Site/Upload/Government%20Resolutions/English/202609281741523133.pdf
https://gr.maharashtra.gov.in/1145/Government-Resolutions ../Site/Upload/Government%20Resolutions/English/202609281433094534....pdf
https://gr.maharashtra.gov.in/1145/Government-Resolutions ../Site/Upload/Government%20Resolutions/English/202609281329311935.pdf
https://gr.maharashtra.gov.in/1145/Government-Resolutions ../Site/Upload/Government%20Resolutions/English/202609281651580739.pdf
https://gr.maharashtra.gov.in/1145/Government-Resolutions ../Site/Upload/Government%20Resolutions/English/202609281656474139.pdf
https://gr.maharashtra.gov.in/1145/Government-Resolutions ../Site/Upload/Government%20Resolutions/English/202609281443453840.pdf
https://gr.maharashtra.gov.in/1145/Government-Resolutions ../Site/Upload/Government%20Resolutions/English/202609281757470440.pdf
https://gr.maharashtra.gov.in/1145/Government-Resolutions ../Site/Upload/Government%20Resolutions/English/202609281759307240.pdf
https://gr.maharashtra.gov.in/1145/Government-Resolutions ../Site/Upload/Government%20Resolutions/English/202609281718591843.pdf
https://gr.maharashtra.gov.in/1145/Government-Resolutions ../Site/Upload/Government%20Resolutions/English/202609281435414243.pdf
https://gr.maharashtra.gov.in/1145/Government-Resolutions ../Site/Upload/Government%20Resolutions/English/202609281332427946.pdf
https://gr.maharashtra.gov.in/1145/Government-Resolutions ../Site/Upload/Government%20Resolutions/English/202609281648162246.pdf
https://gr.maharashtra.gov.in/1145/Government-Resolutions ../Site/Upload/Government%20Resolutions/English/202609281123296747.pdf
https://gr.maharashtra.gov.in/1145/Government-Resolutions ../Site/Upload/Government%20Resolutions/English/202609281142172747.pdf
https://gr.maharashtra.gov.in/1145/Government-Resolutions ../Site/Upload/Government%20Resolutions/English/202609281249221648.pdf
https://gr.maharashtra.gov.in/1145/Government-Resolutions ../Site/Upload/Government%20Resolutions/English/202609281254173948.pdf
https://gr.maharashtra.gov.in/1145/Government-Resolutions ../Site/Upload/Government%20Resolutions/English/202609261117494941.pdf
https://gr.maharashtra.gov.in/1145/Government-Resolutions ../Site/Upload/Government%20Resolutions/English/202609241748514903.pdf
https://gr.maharashtra.gov.in/1145/Government-Resolutions ../Site/Upload/Government%20Resolutions/English/202609241551588303.pdf
https://gr.maharashtra.gov.in/1145/Government-Resolutions ../Site/Upload/Government%20Resolutions/English/202609241553000903.pdf
https://gr.maharashtra.gov.in/1145/Government-Resolutions ../Site/Upload/Government%20Resolutions/English/202609241553531003.pdf
https://gr.maharashtra.gov.in/1145/Government-Resolutions ../Site/Upload/Government%20Resolutions/English/202609241555497403.pdf
https://gr.maharashtra.gov.in/1145/Government-Resolutions ../Site/Upload/Government%20Resolutions/English/202609241556187103.pdf
https://gr.maharashtra.gov.in/1145/Government-Resolutions ../Site/Upload/Government%20Resolutions/English/202609241559130603.pdf
https://gr.maharashtra.gov.in/1145/Government-Resolutions ../Site/Upload/Government%20Resolutions/English/202609241602296403.pdf
https://gr.maharashtra.gov.in/1145/Government-Resolutions ../Site/Upload/Government%20Resolutions/English/202609241604047203.pdf
https://gr.maharashtra.gov.in/1145/Government-Resolutions ../Site/Upload/Government%20Resolutions/English/202609241702310703.pdf
https://gr.maharashtra.gov.in/1145/Government-Resolutions ../Site/Upload/Government%20Resolutions/English/202609241223060304.pdf
https://gr.maharashtra.gov.in/1145/Government-Resolutions ../Site/Upload/Government%20Resolutions/English/202609241809431706.pdf
https://gr.maharashtra.gov.in/1145/Government-Resolutions ../Site/Upload/Government%20Resolutions/English/202609241443302906.pdf
https://gr.maharashtra.gov.in/1145/Government-Resolutions ../Site/Upload/Government%20Resolutions/English/202609241705151307.pdf
https://gr.maharashtra.gov.in/1145/Government-Resolutions ../Site/Upload/Government%20Resolutions/English/202609241716022907.pdf
https://gr.maharashtra.gov.in/1145/Government-Resolutions ../Site/Upload/Government%20Resolutions/English/202609241717506107....pdf
https://gr.maharashtra.gov.in/1145/Government-Resolutions ../Site/Upload/Government%20Resolutions/English/202609241720234107.pdf
https://gr.maharashtra.gov.in/1145/Government-Resolutions ../Site/Upload/Government%20Resolutions/English/202609241750594007.pdf
https://gr.maharashtra.gov.in/1145/Government-Resolutions ../Site/Upload/Government%20Resolutions/English/202609241827287307.pdf
https://gr.maharashtra.gov.in/1145/Government-Resolutions ../Site/Upload/Government%20Resolutions/English/202609241830375308.pdf
https://gr.maharashtra.gov.in/1145/Government-Resolutions ../Site/Upload/Government%20Resolutions/English/202609241457527312.pdf
https://gr.maharashtra.gov.in/1145/Government-Resolutions ../Site/Upload/Government%20Resolutions/English/202609241738116416.....pdf
https://gr.maharashtra.gov.in/1145/Government-Resolutions ../Site/Upload/Government%20Resolutions/English/202609241818563716.pdf
https://gr.maharashtra.gov.in/1145/Government-Resolutions ../Site/Upload/Government%20Resolutions/English/202609241820069016....pdf
https://gr.maharashtra.gov.in/1145/Government-Resolutions ../Site/Upload/Government%20Resolutions/English/202609241822083216.pdf
https://gr.maharashtra.gov.in/1145/Government-Resolutions ../Site/Upload/Government%20Resolutions/English/202609241823411216.pdf
https://gr.maharashtra.gov.in/1145/Government-Resolutions ../Site/Upload/Government%20Resolutions/English/202609241824591416.pdf
https://gr.maharashtra.gov.in/1145/Government-Resolutions ../Site/Upload/Government%20Resolutions/English/202609241722016718.pdf
https://gr.maharashtra.gov.in/1145/Government-Resolutions ../Site/Upload/Government%20Resolutions/English/202609241723215818.pdf
https://gr.maharashtra.gov.in/1145/Government-Resolutions ../Site/Upload/Government%20Resolutions/English/202609241724586018.pdf
https://gr.maharashtra.gov.in/1145/Government-Resolutions ../Site/Upload/Government%20Resolutions/English/202609241726275018.pdf
https://gr.maharashtra.gov.in/1145/Government-Resolutions ../Site/Upload/Government%20Resolutions/English/202609241727453418.pdf
https://gr.maharashtra.gov.in/1145/Government-Resolutions ../Site/Upload/Government%20Resolutions/English/202609241805484518.pdf
https://gr.maharashtra.gov.in/1145/Government-Resolutions ../Site/Upload/Government%20Resolutions/English/202609241712466822.pdf
https://gr.maharashtra.gov.in/1145/Government-Resolutions ../Site/Upload/Government%20Resolutions/English/202609241218545522.pdf
https://gr.maharashtra.gov.in/1145/Government-Resolutions ../Site/Upload/Government%20Resolutions/English/202609241206485224.pdf
https://gr.maharashtra.gov.in/1145/Government-Resolutions ../Site/Upload/Government%20Resolutions/English/202609241450047525....pdf
https://gr.maharashtra.gov.in/1145/Government-Resolutions ../Site/Upload/Government%20Resolutions/English/202609241455259225.pdf
https://gr.maharashtra.gov.in/1145/Government-Resolutions ../Site/Upload/Government%20Resolutions/English/202609241919215826.pdf
https://gr.maharashtra.gov.in/1145/Government-Resolutions ../Site/Upload/Government%20Resolutions/English/202609241640410928.pdf
https://gr.maharashtra.gov.in/1145/Government-Resolutions ../Site/Upload/Government%20Resolutions/English/202609241542321828.pdf
https://gr.maharashtra.gov.in/1145/Government-Resolutions ../Site/Upload/Government%20Resolutions/English/202609241616498429.pdf
https://gr.maharashtra.gov.in/1145/Government-Resolutions ../Site/Upload/Government%20Resolutions/English/202609241446074129.pdf
https://gr.maharashtra.gov.in/1145/Government-Resolutions ../Site/Upload/Government%20Resolutions/English/202609241853218829.pdf
https://gr.maharashtra.gov.in/1145/Government-Resolutions ../Site/Upload/Government%20Resolutions/English/202609241856402929.pdf
https://gr.maharashtra.gov.in/1145/Government-Resolutions ../Site/Upload/Government%20Resolutions/English/202609241858311029.pdf
https://gr.maharashtra.gov.in/1145/Government-Resolutions ../Site/Upload/Government%20Resolutions/English/202609241900222829.pdf
https://gr.maharashtra.gov.in/1145/Government-Resolutions ../Site/Upload/Government%20Resolutions/English/202609242023412729.pdf
https://gr.maharashtra.gov.in/1145/Government-Resolutions ../Site/Upload/Government%20Resolutions/English/202609241547170530.pdf
https://gr.maharashtra.gov.in/1145/Government-Resolutions ../Site/Upload/Government%20Resolutions/English/202609241317309530.pdf
https://gr.maharashtra.gov.in/1145/Government-Resolutions ../Site/Upload/Government%20Resolutions/English/202609241317329030.pdf
https://gr.maharashtra.gov.in/1145/Government-Resolutions ../Site/Upload/Government%20Resolutions/English/202609241814403635.pdf
https://gr.maharashtra.gov.in/1145/Government-Resolutions ../Site/Upload/Government%20Resolutions/English/202609241816587535.pdf
https://gr.maharashtra.gov.in/1145/Government-Resolutions ../Site/Upload/Government%20Resolutions/English/202609241629464536.pdf
https://gr.maharashtra.gov.in/1145/Government-Resolutions ../Site/Upload/Government%20Resolutions/English/202609241632082336.pdf
https://gr.maharashtra.gov.in/1145/Government-Resolutions ../Site/Upload/Government%20Resolutions/English/202609241314402739.pdf
https://gr.maharashtra.gov.in/1145/Government-Resolutions ../Site/Upload/Government%20Resolutions/English/202609241612266440.pdf
https://gr.maharashtra.gov.in/1145/Government-Resolutions ../Site/Upload/Government%20Resolutions/English/202609241703574040.pdf
https://gr.maharashtra.gov.in/1145/Government-Resolutions ../Site/Upload/Government%20Resolutions/English/202609241705551340.pdf
https://gr.maharashtra.gov.in/1145/Government-Resolutions ../Site/Upload/Government%20Resolutions/English/202609241835050240.pdf
https://gr.maharashtra.gov.in/1145/Government-Resolutions ../Site/Upload/Government%20Resolutions/English/202609241709340640.pdf
https://gr.maharashtra.gov.in/1145/Government-Resolutions ../Site/Upload/Government%20Resolutions/English/202609241709255540.pdf
https://gr.maharashtra.gov.in/1145/Government-Resolutions ../Site/Upload/Government%20Resolutions/English/202609241713097240.pdf
https://gr.maharashtra.gov.in/1145/Government-Resolutions ../Site/Upload/Government%20Resolutions/English/202609241715309640.pdf
https://gr.maharashtra.gov.in/1145/Government-Resolutions ../Site/Upload/Government%20Resolutions/English/202609241717159040.pdf
https://gr.maharashtra.gov.in/1145/Government-Resolutions ../Site/Upload/Government%20Resolutions/English/202609241719049340.pdf
https://gr.maharashtra.gov.in/1145/Government-Resolutions ../Site/Upload/Government%20Resolutions/English/202609241720548840.pdf
https://gr.maharashtra.gov.in/1145/Government-Resolutions ../Site/Upload/Government%20Resolutions/English/202609241723369440.pdf
https://gr.maharashtra.gov.in/1145/Government-Resolutions ../Site/Upload/Government%20Resolutions/English/202609241637218940.pdf
https://gr.maharashtra.gov.in/1145/Government-Resolutions ../Site/Upload/Government%20Resolutions/English/202609241638571340.pdf
https://gr.maharashtra.gov.in/1145/Government-Resolutions ../Site/Upload/Government%20Resolutions/English/202609241641541640.pdf
https://gr.maharashtra.gov.in/1145/Government-Resolutions ../Site/Upload/Government%20Resolutions/English/202609241644056340.pdf
https://gr.maharashtra.gov.in/1145/Government-Resolutions ../Site/Upload/Government%20Resolutions/English/202609241645411740.pdf
https://gr.maharashtra.gov.in/1145/Government-Resolutions ../Site/Upload/Government%20Resolutions/English/202609241646376940.pdf
https://gr.maharashtra.gov.in/1145/Government-Resolutions ../Site/Upload/Government%20Resolutions/English/202609241648462040.pdf
https://gr.maharashtra.gov.in/1145/Government-Resolutions ../Site/Upload/Government%20Resolutions/English/202609241647567740.pdf
https://gr.maharashtra.gov.in/1145/Government-Resolutions ../Site/Upload/Government%20Resolutions/English/202609241651295040.pdf
https://gr.maharashtra.gov.in/1145/Government-Resolutions ../Site/Upload/Government%20Resolutions/English/202609241651139440.pdf
https://gr.maharashtra.gov.in/1145/Government-Resolutions ../Site/Upload/Government%20Resolutions/English/202609241653417840.pdf
https://gr.maharashtra.gov.in/1145/Government-Resolutions ../Site/Upload/Government%20Resolutions/English/202609241308533340.pdf
https://gr.maharashtra.gov.in/1145/Government-Resolutions ../Site/Upload/Government%20Resolutions/English/202609241435302242.pdf
https://gr.maharashtra.gov.in/1145/Government-Resolutions ../Site/Upload/Government%20Resolutions/English/202609241658382843.pdf
https://gr.maharashtra.gov.in/1145/Government-Resolutions ../Site/Upload/Government%20Resolutions/English/202609241754593045.pdf
https://gr.maharashtra.gov.in/1145/Government-Resolutions ../Site/Upload/Government%20Resolutions/English/202609241743474946.pdf
https://gr.maharashtra.gov.in/1145/Government-Resolutions ../Site/Upload/Government%20Resolutions/English/202609241503167147.pdf
https://gr.maharashtra.gov.in/1145/Government-Resolutions ../Site/Upload/Government%20Resolutions/English/202609241804046848.pdf
https://gr.maharashtra.gov.in/1145/Government-Resolutions ../Site/Upload/Government%20Resolutions/English/202609241832439048.pdf
https://gr.maharashtra.gov.in/1145/Government-Resolutions ../Site/Upload/Government%20Resolutions/English/202609241837536648.pdf
https://gr.maharashtra.gov.in/1145/Government-Resolutions ../Site/Upload/Government%20Resolutions/English/202609241849536648.pdf
https://gr.maharashtra.gov.in/1145/Government-Resolutions ../Site/Upload/Government%20Resolutions/English/202609241911219948.pdf
https://gr.maharashtra.gov.in/1145/Government-Resolutions ../Site/Upload/Government%20Resolutions/English/202609241800069949.pdf
https://gr.maharashtra.gov.in/1145/Government-Resolutions ../Site/Upload/Government%20Resolutions/English/202609241152058949....pdf
https://gr.maharashtra.gov.in/1145/Government-Resolutions ../Site/Upload/Government%20Resolutions/English/202609241155067649.pdf
https://gr.maharashtra.gov.in/1145/Government-Resolutions ../Site/Upload/Government%20Resolutions/English/202609241159578249.pdf
https://gr.maharashtra.gov.in/1145/Government-Resolutions ../Site/Upload/Government%20Resolutions/English/202609241740571649.pdf
https://gr.maharashtra.gov.in/1145/Government-Resolutions ../Site/Upload/Government%20Resolutions/English/202609241210310951.pdf
https://gr.maharashtra.gov.in/1145/Government-Resolutions ../Site/Upload/Government%20Resolutions/English/202609241148485253.pdf
Next page not found on Page Number: 14+
Done crawling: 24-Sep-2026_28-Sep-2026
