*** New infos: 33
**** 202010091259172401 [0/33]
{'archive_length': '195618',
 'archive_mimetype': 'application/pdf',
 'archive_sha1': 'AFN3MMYOVWCHI3MGTTC7S4RPB2DPRRVA',
 'archive_status_code': '200',
 'archive_time': datetime.datetime(2024, 3, 14, 8, 58, 15),
 'archive_url': 'https://web.archive.org/web/20240314085815/https://gr.maharashtra.gov.in/Site/Upload/Government%20Resolutions/English/202010091259172401.pdf',
 'content_url': 'https://web.archive.org/web/20240314085815id_/https://gr.maharashtra.gov.in/Site/Upload/Government%20Resolutions/English/202010091259172401.pdf',
 'url': 'https://gr.maharashtra.gov.in/Site/Upload/Government%20Resolutions/English/202010091259172401.pdf'}

**** 202010091630047101 [1/33]
{'archive_length': '518386',
 'archive_mimetype': 'application/pdf',
 'archive_sha1': 'C4JVILATJDKCVUL2PTSK2ROGBYHEOSE5',
 'archive_status_code': '200',
 'archive_time': datetime.datetime(2024, 3, 14, 8, 56, 17),
 'archive_url': 'https://web.archive.org/web/20240314085617/https://gr.maharashtra.gov.in/Site/Upload/Government%20Resolutions/English/202010091630047101.pdf',
 'content_url': 'https://web.archive.org/web/20240314085617id_/https://gr.maharashtra.gov.in/Site/Upload/Government%20Resolutions/English/202010091630047101.pdf',
 'url': 'https://gr.maharashtra.gov.in/Site/Upload/Government%20Resolutions/English/202010091630047101.pdf'}

**** 202010091730072901 [2/33]
{'archive_length': '535447',
 'archive_mimetype': 'application/pdf',
 'archive_sha1': 'UGWNXEZO4Q7GKQBGHJ36CSZLWMCBKD5V',
 'archive_status_code': '200',
 'archive_time': datetime.datetime(2024, 3, 14, 8, 58, 14),
 'archive_url': 'https://web.archive.org/web/20240314085814/https://gr.maharashtra.gov.in/Site/Upload/Government%20Resolutions/English/202010091730072901.pdf',
 'content_url': 'https://web.archive.org/web/20240314085814id_/https://gr.maharashtra.gov.in/Site/Upload/Government%20Resolutions/English/202010091730072901.pdf',
 'url': 'https://gr.maharashtra.gov.in/Site/Upload/Government%20Resolutions/English/202010091730072901.pdf'}

**** 202010131116466202 [3/33]
Unable to find https://gr.maharashtra.gov.in/Site/Upload/Government%20Resolutions/English/202010131116466202.pdf in wayback
SAVED: https://web.archive.org/web/20261009211343/https://gr.maharashtra.gov.in/Site/Upload/Government%20Resolutions/English/202010131116466202.pdf
Wayback machine failed for url: https://gr.maharashtra.gov.in/Site/Upload/Government%20Resolutions/English/202010131116466202.pdf -> HTTPSConnectionPool(host='web.archive.org', port=443): Max retries exceeded with url: /cdx/search/cdx?gzip=false&closest=20261009211352&sort=closest&url=https%3A%2F%2Fgr.maharashtra.gov.in%2FSite%2FUpload%2FGovernment%2520Resolutions%2FEnglish%2F202010131116466202.pdf&showResumeKey=true&limit=1 (Caused by ProtocolError('Connection aborted.', ConnectionResetError(104, 'Connection reset by peer')))

**** 202010091846475805 [4/33]
Unable to find https://gr.maharashtra.gov.in/Site/Upload/Government%20Resolutions/English/202010091846475805.pdf in wayback
Wayback machine failed for url: https://gr.maharashtra.gov.in/Site/Upload/Government%20Resolutions/English/202010091846475805.pdf -> Can not save 'https://gr.maharashtra.gov.in/Site/Upload/Government%20Resolutions/English/202010091846475805.pdf'. Save request refused by the server. Save Page Now limits saving 15 URLs per minutes. Try waiting for 5 minutes and then try again.

**** 202010091604073806 [5/33]
Unable to find https://gr.maharashtra.gov.in/Site/Upload/Government%20Resolutions/English/202010091604073806.pdf in wayback
Wayback machine failed for url: https://gr.maharashtra.gov.in/Site/Upload/Government%20Resolutions/English/202010091604073806.pdf -> HTTPSConnectionPool(host='web.archive.org', port=443): Max retries exceeded with url: /save/https://gr.maharashtra.gov.in/Site/Upload/Government%20Resolutions/English/202010091604073806.pdf (Caused by NewConnectionError('<urllib3.connection.HTTPSConnection object at 0x7f20b3109120>: Failed to establish a new connection: [Errno 111] Connection refused'))

**** 202010091737586207 [6/33]
Unable to find https://gr.maharashtra.gov.in/Site/Upload/Government%20Resolutions/English/202010091737586207.pdf in wayback
Wayback machine failed for url: https://gr.maharashtra.gov.in/Site/Upload/Government%20Resolutions/English/202010091737586207.pdf -> Can not save 'https://gr.maharashtra.gov.in/Site/Upload/Government%20Resolutions/English/202010091737586207.pdf'. Save request refused by the server. Save Page Now limits saving 15 URLs per minutes. Try waiting for 5 minutes and then try again.

**** 202010091208127408 [7/33]
Unable to find https://gr.maharashtra.gov.in/Site/Upload/Government%20Resolutions/English/202010091208127408.pdf in wayback
Wayback machine failed for url: https://gr.maharashtra.gov.in/Site/Upload/Government%20Resolutions/English/202010091208127408.pdf -> Can not save 'https://gr.maharashtra.gov.in/Site/Upload/Government%20Resolutions/English/202010091208127408.pdf'. Save request refused by the server. Save Page Now limits saving 15 URLs per minutes. Try waiting for 5 minutes and then try again.

**** 202010091716106108 [8/33]
Unable to find https://gr.maharashtra.gov.in/Site/Upload/Government%20Resolutions/English/202010091716106108.pdf in wayback
Wayback machine failed for url: https://gr.maharashtra.gov.in/Site/Upload/Government%20Resolutions/English/202010091716106108.pdf -> Can not save 'https://gr.maharashtra.gov.in/Site/Upload/Government%20Resolutions/English/202010091716106108.pdf'. Save request refused by the server. Save Page Now limits saving 15 URLs per minutes. Try waiting for 5 minutes and then try again.

**** 202010091215582513 [9/33]
Unable to find https://gr.maharashtra.gov.in/Site/Upload/Government%20Resolutions/English/202010091215582513.pdf in wayback
SAVED: https://web.archive.org/web/20261009212822/https://gr.maharashtra.gov.in/Site/Upload/Government%20Resolutions/English/202010091215582513.pdf
{'archive_length': '901782',
 'archive_mimetype': 'application/pdf',
 'archive_sha1': 'V3QORG5GM4NDCOMUMFPHCOK7MGXQXXOZ',
 'archive_status_code': '200',
 'archive_time': datetime.datetime(2026, 10, 9, 21, 28, 22),
 'archive_url': 'https://web.archive.org/web/20261009212822/https://gr.maharashtra.gov.in/Site/Upload/Government%20Resolutions/English/202010091215582513.pdf',
 'content_url': 'https://web.archive.org/web/20261009212822id_/https://gr.maharashtra.gov.in/Site/Upload/Government%20Resolutions/English/202010091215582513.pdf',
 'url': 'https://gr.maharashtra.gov.in/Site/Upload/Government%20Resolutions/English/202010091215582513.pdf'}

**** 202010091531114614 [10/33]
Unable to find https://gr.maharashtra.gov.in/Site/Upload/Government%20Resolutions/English/202010091531114614.pdf in wayback
Wayback machine failed for url: https://gr.maharashtra.gov.in/Site/Upload/Government%20Resolutions/English/202010091531114614.pdf -> Can not save 'https://gr.maharashtra.gov.in/Site/Upload/Government%20Resolutions/English/202010091531114614.pdf'. Save request refused by the server. Save Page Now limits saving 15 URLs per minutes. Try waiting for 5 minutes and then try again.

**** 202010091519370116 [11/33]
Unable to find https://gr.maharashtra.gov.in/Site/Upload/Government%20Resolutions/English/202010091519370116....pdf in wayback
Wayback machine failed for url: https://gr.maharashtra.gov.in/Site/Upload/Government%20Resolutions/English/202010091519370116....pdf -> Can not save 'https://gr.maharashtra.gov.in/Site/Upload/Government%20Resolutions/English/202010091519370116....pdf'. Save request refused by the server. Save Page Now limits saving 15 URLs per minutes. Try waiting for 5 minutes and then try again.

**** 202010091612488017 [12/33]
Wayback machine failed for url: https://gr.maharashtra.gov.in/Site/Upload/Government%20Resolutions/English/202010091612488017.pdf -> HTTPSConnectionPool(host='web.archive.org', port=443): Max retries exceeded with url: /cdx/search/cdx?gzip=false&closest=20261009213313&sort=closest&url=https%3A%2F%2Fgr.maharashtra.gov.in%2FSite%2FUpload%2FGovernment%2520Resolutions%2FEnglish%2F202010091612488017.pdf&showResumeKey=true&limit=1 (Caused by NewConnectionError('<urllib3.connection.HTTPSConnection object at 0x7f20b310a470>: Failed to establish a new connection: [Errno 111] Connection refused'))

**** 202010091302349417 [13/33]
Unable to find https://gr.maharashtra.gov.in/Site/Upload/Government%20Resolutions/English/202010091302349417.pdf in wayback
Wayback machine failed for url: https://gr.maharashtra.gov.in/Site/Upload/Government%20Resolutions/English/202010091302349417.pdf -> Can not save 'https://gr.maharashtra.gov.in/Site/Upload/Government%20Resolutions/English/202010091302349417.pdf'. Save request refused by the server. Save Page Now limits saving 15 URLs per minutes. Try waiting for 5 minutes and then try again.

**** 202010091645500719 [14/33]
Unable to find https://gr.maharashtra.gov.in/Site/Upload/Government%20Resolutions/English/202010091645500719.pdf in wayback
Wayback machine failed for url: https://gr.maharashtra.gov.in/Site/Upload/Government%20Resolutions/English/202010091645500719.pdf -> Can not save 'https://gr.maharashtra.gov.in/Site/Upload/Government%20Resolutions/English/202010091645500719.pdf'. Save request refused by the server. Save Page Now limits saving 15 URLs per minutes. Try waiting for 5 minutes and then try again.

**** 202010091524306219 [15/33]
Unable to find https://gr.maharashtra.gov.in/Site/Upload/Government%20Resolutions/English/202010091524306219.pdf in wayback
Wayback machine failed for url: https://gr.maharashtra.gov.in/Site/Upload/Government%20Resolutions/English/202010091524306219.pdf -> Can not save 'https://gr.maharashtra.gov.in/Site/Upload/Government%20Resolutions/English/202010091524306219.pdf'. Save request refused by the server. Save Page Now limits saving 15 URLs per minutes. Try waiting for 5 minutes and then try again.

**** 202010091546186919 [16/33]
Unable to find https://gr.maharashtra.gov.in/Site/Upload/Government%20Resolutions/English/202010091546186919.pdf in wayback
Wayback machine failed for url: https://gr.maharashtra.gov.in/Site/Upload/Government%20Resolutions/English/202010091546186919.pdf -> Can not save 'https://gr.maharashtra.gov.in/Site/Upload/Government%20Resolutions/English/202010091546186919.pdf'. Save request refused by the server. Save Page Now limits saving 15 URLs per minutes. Try waiting for 5 minutes and then try again.

**** 202010091428131521 [17/33]
Unable to find https://gr.maharashtra.gov.in/Site/Upload/Government%20Resolutions/English/202010091428131521.pdf in wayback
SAVED: https://web.archive.org/web/20261009215049/https://gr.maharashtra.gov.in/Site/Upload/Government%20Resolutions/English/202010091428131521.pdf
{'archive_length': '509124',
 'archive_mimetype': 'application/pdf',
 'archive_sha1': 'KTP66J4O5V6J5T4HYL7NNQG2WF7LCEPK',
 'archive_status_code': '200',
 'archive_time': datetime.datetime(2026, 10, 9, 21, 50, 49),
 'archive_url': 'https://web.archive.org/web/20261009215049/https://gr.maharashtra.gov.in/Site/Upload/Government%20Resolutions/English/202010091428131521.pdf',
 'content_url': 'https://web.archive.org/web/20261009215049id_/https://gr.maharashtra.gov.in/Site/Upload/Government%20Resolutions/English/202010091428131521.pdf',
 'url': 'https://gr.maharashtra.gov.in/Site/Upload/Government%20Resolutions/English/202010091428131521.pdf'}

**** 202010091617372021 [18/33]
Unable to find https://gr.maharashtra.gov.in/Site/Upload/Government%20Resolutions/English/202010091617372021.pdf in wayback
Wayback machine failed for url: https://gr.maharashtra.gov.in/Site/Upload/Government%20Resolutions/English/202010091617372021.pdf -> Can not save 'https://gr.maharashtra.gov.in/Site/Upload/Government%20Resolutions/English/202010091617372021.pdf'. Save request refused by the server. Save Page Now limits saving 15 URLs per minutes. Try waiting for 5 minutes and then try again.

**** 202010091623574621 [19/33]
Unable to find https://gr.maharashtra.gov.in/Site/Upload/Government%20Resolutions/English/202010091623574621.pdf in wayback
SAVED: https://web.archive.org/web/20261009215242/https://gr.maharashtra.gov.in/Site/Upload/Government%20Resolutions/English/202010091623574621.pdf
Wayback machine failed for url: https://gr.maharashtra.gov.in/Site/Upload/Government%20Resolutions/English/202010091623574621.pdf -> HTTPSConnectionPool(host='web.archive.org', port=443): Max retries exceeded with url: /cdx/search/cdx?gzip=false&closest=20261009215252&sort=closest&url=https%3A%2F%2Fgr.maharashtra.gov.in%2FSite%2FUpload%2FGovernment%2520Resolutions%2FEnglish%2F202010091623574621.pdf&showResumeKey=true&limit=1 (Caused by NewConnectionError('<urllib3.connection.HTTPSConnection object at 0x7f20bb3e9090>: Failed to establish a new connection: [Errno 111] Connection refused'))

**** 202010081143415123 [20/33]
Unable to find https://gr.maharashtra.gov.in/Site/Upload/Government%20Resolutions/English/202010081143415123.pdf in wayback
Wayback machine failed for url: https://gr.maharashtra.gov.in/Site/Upload/Government%20Resolutions/English/202010081143415123.pdf -> Can not save 'https://gr.maharashtra.gov.in/Site/Upload/Government%20Resolutions/English/202010081143415123.pdf'. Save request refused by the server. Save Page Now limits saving 15 URLs per minutes. Try waiting for 5 minutes and then try again.

**** 202010091516397724 [21/33]
Unable to find https://gr.maharashtra.gov.in/Site/Upload/Government%20Resolutions/English/202010091516397724.pdf in wayback
Wayback machine failed for url: https://gr.maharashtra.gov.in/Site/Upload/Government%20Resolutions/English/202010091516397724.pdf -> Can not save 'https://gr.maharashtra.gov.in/Site/Upload/Government%20Resolutions/English/202010091516397724.pdf'. Save request refused by the server. Save Page Now limits saving 15 URLs per minutes. Try waiting for 5 minutes and then try again.

**** 202010091251185525 [22/33]
Unable to find https://gr.maharashtra.gov.in/Site/Upload/Government%20Resolutions/English/202010091251185525.pdf in wayback
Wayback machine failed for url: https://gr.maharashtra.gov.in/Site/Upload/Government%20Resolutions/English/202010091251185525.pdf -> Can not save 'https://gr.maharashtra.gov.in/Site/Upload/Government%20Resolutions/English/202010091251185525.pdf'. Save request refused by the server. Save Page Now limits saving 15 URLs per minutes. Try waiting for 5 minutes and then try again.

**** 202010091434465927 [23/33]
Unable to find https://gr.maharashtra.gov.in/Site/Upload/Government%20Resolutions/English/202010091434465927.pdf in wayback
Wayback machine failed for url: https://gr.maharashtra.gov.in/Site/Upload/Government%20Resolutions/English/202010091434465927.pdf -> Can not save 'https://gr.maharashtra.gov.in/Site/Upload/Government%20Resolutions/English/202010091434465927.pdf'. Save request refused by the server. Save Page Now limits saving 15 URLs per minutes. Try waiting for 5 minutes and then try again.

**** 202010091444566527 [24/33]
Unable to find https://gr.maharashtra.gov.in/Site/Upload/Government%20Resolutions/English/202010091444566527.pdf in wayback
Wayback machine failed for url: https://gr.maharashtra.gov.in/Site/Upload/Government%20Resolutions/English/202010091444566527.pdf -> Can not save 'https://gr.maharashtra.gov.in/Site/Upload/Government%20Resolutions/English/202010091444566527.pdf'. Save request refused by the server. Save Page Now limits saving 15 URLs per minutes. Try waiting for 5 minutes and then try again.

**** 202010091455311727 [25/33]
Unable to find https://gr.maharashtra.gov.in/Site/Upload/Government%20Resolutions/English/202010091455311727.pdf in wayback
Wayback machine failed for url: https://gr.maharashtra.gov.in/Site/Upload/Government%20Resolutions/English/202010091455311727.pdf -> Can not save 'https://gr.maharashtra.gov.in/Site/Upload/Government%20Resolutions/English/202010091455311727.pdf'. Save request refused by the server. Save Page Now limits saving 15 URLs per minutes. Try waiting for 5 minutes and then try again.

**** 202010121446351227 [26/33]
Unable to find https://gr.maharashtra.gov.in/Site/Upload/Government%20Resolutions/English/202010121446351227.pdf in wayback
Wayback machine failed for url: https://gr.maharashtra.gov.in/Site/Upload/Government%20Resolutions/English/202010121446351227.pdf -> Can not save 'https://gr.maharashtra.gov.in/Site/Upload/Government%20Resolutions/English/202010121446351227.pdf'. Save request refused by the server. Save Page Now limits saving 15 URLs per minutes. Try waiting for 5 minutes and then try again.

**** 202010092123578629 [27/33]
Wayback machine failed for url: https://gr.maharashtra.gov.in/Site/Upload/Government%20Resolutions/English/202010092123578629.pdf -> HTTPSConnectionPool(host='web.archive.org', port=443): Max retries exceeded with url: /cdx/search/cdx?gzip=false&closest=20261009220906&sort=closest&url=https%3A%2F%2Fgr.maharashtra.gov.in%2FSite%2FUpload%2FGovernment%2520Resolutions%2FEnglish%2F202010092123578629.pdf&showResumeKey=true&limit=1 (Caused by NewConnectionError('<urllib3.connection.HTTPSConnection object at 0x7f20b3108220>: Failed to establish a new connection: [Errno 111] Connection refused'))

**** 202010092134090929 [28/33]
Unable to find https://gr.maharashtra.gov.in/Site/Upload/Government%20Resolutions/English/202010092134090929.pdf in wayback
Wayback machine failed for url: https://gr.maharashtra.gov.in/Site/Upload/Government%20Resolutions/English/202010092134090929.pdf -> Can not save 'https://gr.maharashtra.gov.in/Site/Upload/Government%20Resolutions/English/202010092134090929.pdf'. Save request refused by the server. Save Page Now limits saving 15 URLs per minutes. Try waiting for 5 minutes and then try again.

**** 202010092209085529 [29/33]
Unable to find https://gr.maharashtra.gov.in/Site/Upload/Government%20Resolutions/English/202010092209085529.pdf in wayback
Wayback machine failed for url: https://gr.maharashtra.gov.in/Site/Upload/Government%20Resolutions/English/202010092209085529.pdf -> Tried 3 times but failed to save and retrieve the archive for https://gr.maharashtra.gov.in/Site/Upload/Government%20Resolutions/English/202010092209085529.pdf.
Response URL:
https://web.archive.org/save/https://gr.maharashtra.gov.in/Site/Upload/Government%20Resolutions/English/202010092209085529.pdf
Response Header:
{'Server': 'nginx', 'Date': 'Fri, 09 Oct 2026 22:15:21 GMT', 'Content-Type': 'text/html', 'Transfer-Encoding': 'chunked', 'Connection': 'keep-alive', 'cache-control': 'no-cache', 'x-app-server': 'wwwb-app55-dc6', 'x-ts': '523', 'x-tr': '6067', 'server-timing': 'TR;dur=0,Tw;dur=0,Tc;dur=1', 'set-cookie': 'wb-save-SERVER=wwwb-app55; path=/', 'X-location': 'save-sync', 'X-RL': '0', 'X-NA': '0', 'X-Page-Cache': 'MISS', 'X-NID': 'Microsoft', 'Referrer-Policy': 'no-referrer-when-downgrade', 'Permissions-Policy': 'interest-cohort=()', 'X-sd': '1'}

**** 202010092214372729 [30/33]
Unable to find https://gr.maharashtra.gov.in/Site/Upload/Government%20Resolutions/English/202010092214372729.pdf in wayback
Wayback machine failed for url: https://gr.maharashtra.gov.in/Site/Upload/Government%20Resolutions/English/202010092214372729.pdf -> Can not save 'https://gr.maharashtra.gov.in/Site/Upload/Government%20Resolutions/English/202010092214372729.pdf'. Save request refused by the server. Save Page Now limits saving 15 URLs per minutes. Try waiting for 5 minutes and then try again.

**** 202010092219512929 [31/33]
Unable to find https://gr.maharashtra.gov.in/Site/Upload/Government%20Resolutions/English/202010092219512929.pdf in wayback
Wayback machine failed for url: https://gr.maharashtra.gov.in/Site/Upload/Government%20Resolutions/English/202010092219512929.pdf -> Can not save 'https://gr.maharashtra.gov.in/Site/Upload/Government%20Resolutions/English/202010092219512929.pdf'. Save request refused by the server. Save Page Now limits saving 15 URLs per minutes. Try waiting for 5 minutes and then try again.

**** 202010091311265030 [32/33]
Unable to find https://gr.maharashtra.gov.in/Site/Upload/Government%20Resolutions/English/202010091311265030.pdf in wayback
Wayback machine failed for url: https://gr.maharashtra.gov.in/Site/Upload/Government%20Resolutions/English/202010091311265030.pdf -> Can not save 'https://gr.maharashtra.gov.in/Site/Upload/Government%20Resolutions/English/202010091311265030.pdf'. Save request refused by the server. Save Page Now limits saving 15 URLs per minutes. Try waiting for 5 minutes and then try again.

