*** New infos: 65
*** Uploading 202010051715445701 [0/65]
Downloading https://gr.maharashtra.gov.in/Site/Upload/Government%20Resolutions/English/202010051715445701.pdf
	Saving on archive
**Uploaded: in.gov.maharashtra.gr.202010051715445701 https://s3.us.archive.org/in.gov.maharashtra.gr.202010051715445701/202010051715445701.pdf

Success: https://s3.us.archive.org/in.gov.maharashtra.gr.202010051715445701/202010051715445701.pdf
*** Uploading 202010051725248501 [1/65]
Downloading https://gr.maharashtra.gov.in/Site/Upload/Government%20Resolutions/English/202010051725248501.....pdf
	Saving on archive
**Uploaded: in.gov.maharashtra.gr.202010051725248501 https://s3.us.archive.org/in.gov.maharashtra.gr.202010051725248501/202010051725248501.pdf

Success: https://s3.us.archive.org/in.gov.maharashtra.gr.202010051725248501/202010051725248501.pdf
*** Uploading 202010051732164602 [2/65]
Downloading https://gr.maharashtra.gov.in/Site/Upload/Government%20Resolutions/English/202010051732164602.pdf
	Saving on archive
**Uploaded: in.gov.maharashtra.gr.202010051732164602 https://s3.us.archive.org/in.gov.maharashtra.gr.202010051732164602/202010051732164602.pdf

Success: https://s3.us.archive.org/in.gov.maharashtra.gr.202010051732164602/202010051732164602.pdf
*** Uploading 202010051738447202 [3/65]
Downloading https://gr.maharashtra.gov.in/Site/Upload/Government%20Resolutions/English/202010051738447202.pdf
	Saving on archive
**Uploaded: in.gov.maharashtra.gr.202010051738447202 https://s3.us.archive.org/in.gov.maharashtra.gr.202010051738447202/202010051738447202.pdf

Success: https://s3.us.archive.org/in.gov.maharashtra.gr.202010051738447202/202010051738447202.pdf
*** Uploading 202010091159491005 [4/65]
Downloading https://gr.maharashtra.gov.in/Site/Upload/Government%20Resolutions/English/202010091159491005.pdf
	Saving on archive
**Uploaded: in.gov.maharashtra.gr.202010091159491005 https://s3.us.archive.org/in.gov.maharashtra.gr.202010091159491005/202010091159491005.pdf

Success: https://s3.us.archive.org/in.gov.maharashtra.gr.202010091159491005/202010091159491005.pdf
*** Uploading 202010051518522007 [5/65]
Downloading https://gr.maharashtra.gov.in/Site/Upload/Government%20Resolutions/English/202010051518522007.pdf
	Saving on archive
**Uploaded: in.gov.maharashtra.gr.202010051518522007 https://s3.us.archive.org/in.gov.maharashtra.gr.202010051518522007/202010051518522007.pdf

Success: https://s3.us.archive.org/in.gov.maharashtra.gr.202010051518522007/202010051518522007.pdf
*** Uploading 202010051321069308 [6/65]
Downloading https://gr.maharashtra.gov.in/Site/Upload/Government%20Resolutions/English/202010051321069308.pdf
	Saving on archive
**Uploaded: in.gov.maharashtra.gr.202010051321069308 https://s3.us.archive.org/in.gov.maharashtra.gr.202010051321069308/202010051321069308.pdf

Success: https://s3.us.archive.org/in.gov.maharashtra.gr.202010051321069308/202010051321069308.pdf
*** Uploading 202010051150569712 [7/65]
Downloading https://gr.maharashtra.gov.in/Site/Upload/Government%20Resolutions/English/202010051150569712.pdf
	Saving on archive
**Uploaded: in.gov.maharashtra.gr.202010051150569712 https://s3.us.archive.org/in.gov.maharashtra.gr.202010051150569712/202010051150569712.pdf

Success: https://s3.us.archive.org/in.gov.maharashtra.gr.202010051150569712/202010051150569712.pdf
*** Uploading 202010061241553016 [8/65]
Downloading https://gr.maharashtra.gov.in/Site/Upload/Government%20Resolutions/English/202010061241553016.pdf
	Saving on archive
**Uploaded: in.gov.maharashtra.gr.202010061241553016 https://s3.us.archive.org/in.gov.maharashtra.gr.202010061241553016/202010061241553016.pdf

Success: https://s3.us.archive.org/in.gov.maharashtra.gr.202010061241553016/202010061241553016.pdf
*** Uploading 202010051257353517 [9/65]
Downloading https://gr.maharashtra.gov.in/Site/Upload/Government%20Resolutions/English/202010051257353517.pdf
	Saving on archive
**Uploaded: in.gov.maharashtra.gr.202010051257353517 https://s3.us.archive.org/in.gov.maharashtra.gr.202010051257353517/202010051257353517.pdf

Success: https://s3.us.archive.org/in.gov.maharashtra.gr.202010051257353517/202010051257353517.pdf
*** Uploading 202009151238173917 [10/65]
Downloading https://gr.maharashtra.gov.in/Site/Upload/Government%20Resolutions/English/202009151238173917.pdf
	Saving on archive
**Uploaded: in.gov.maharashtra.gr.202009151238173917 https://s3.us.archive.org/in.gov.maharashtra.gr.202009151238173917/202009151238173917.pdf

Success: https://s3.us.archive.org/in.gov.maharashtra.gr.202009151238173917/202009151238173917.pdf
*** Uploading 202010051232111518 [11/65]
Downloading https://gr.maharashtra.gov.in/Site/Upload/Government%20Resolutions/English/202010051232111518.pdf
	Saving on archive
**Uploaded: in.gov.maharashtra.gr.202010051232111518 https://s3.us.archive.org/in.gov.maharashtra.gr.202010051232111518/202010051232111518.pdf

Success: https://s3.us.archive.org/in.gov.maharashtra.gr.202010051232111518/202010051232111518.pdf
*** Uploading 202010051613339118 [12/65]
Downloading https://gr.maharashtra.gov.in/Site/Upload/Government%20Resolutions/English/202010051613339118.pdf
	Saving on archive
**Uploaded: in.gov.maharashtra.gr.202010051613339118 https://s3.us.archive.org/in.gov.maharashtra.gr.202010051613339118/202010051613339118.pdf

Success: https://s3.us.archive.org/in.gov.maharashtra.gr.202010051613339118/202010051613339118.pdf
*** Uploading 202010051427156520 [13/65]
Downloading https://gr.maharashtra.gov.in/Site/Upload/Government%20Resolutions/English/202010051427156520.pdf
	Saving on archive
**Uploaded: in.gov.maharashtra.gr.202010051427156520 https://s3.us.archive.org/in.gov.maharashtra.gr.202010051427156520/202010051427156520.pdf

Success: https://s3.us.archive.org/in.gov.maharashtra.gr.202010051427156520/202010051427156520.pdf
*** Uploading 202010051427424620 [14/65]
Downloading https://gr.maharashtra.gov.in/Site/Upload/Government%20Resolutions/English/202010051427424620.pdf
	Saving on archive
**Uploaded: in.gov.maharashtra.gr.202010051427424620 https://s3.us.archive.org/in.gov.maharashtra.gr.202010051427424620/202010051427424620.pdf

Success: https://s3.us.archive.org/in.gov.maharashtra.gr.202010051427424620/202010051427424620.pdf
*** Uploading 202010051427450820 [15/65]
Downloading https://gr.maharashtra.gov.in/Site/Upload/Government%20Resolutions/English/202010051427450820.pdf
	Saving on archive
**Uploaded: in.gov.maharashtra.gr.202010051427450820 https://s3.us.archive.org/in.gov.maharashtra.gr.202010051427450820/202010051427450820.pdf

Success: https://s3.us.archive.org/in.gov.maharashtra.gr.202010051427450820/202010051427450820.pdf
*** Uploading 202010011343030820 [16/65]
Downloading https://gr.maharashtra.gov.in/Site/Upload/Government%20Resolutions/English/202010011343030820.pdf
	Saving on archive
**Uploaded: in.gov.maharashtra.gr.202010011343030820 https://s3.us.archive.org/in.gov.maharashtra.gr.202010011343030820/202010011343030820.pdf

Success: https://s3.us.archive.org/in.gov.maharashtra.gr.202010011343030820/202010011343030820.pdf
*** Uploading 202010051706536025 [17/65]
Downloading https://gr.maharashtra.gov.in/Site/Upload/Government%20Resolutions/English/202010051706536025.pdf
	Saving on archive
**Uploaded: in.gov.maharashtra.gr.202010051706536025 https://s3.us.archive.org/in.gov.maharashtra.gr.202010051706536025/202010051706536025.pdf

Success: https://s3.us.archive.org/in.gov.maharashtra.gr.202010051706536025/202010051706536025.pdf
*** Uploading 202010051706567225 [18/65]
Downloading https://gr.maharashtra.gov.in/Site/Upload/Government%20Resolutions/English/202010051706567225.pdf
	Saving on archive
**Uploaded: in.gov.maharashtra.gr.202010051706567225 https://s3.us.archive.org/in.gov.maharashtra.gr.202010051706567225/202010051706567225.pdf

Success: https://s3.us.archive.org/in.gov.maharashtra.gr.202010051706567225/202010051706567225.pdf
*** Uploading 202010051641454727 [19/65]
Downloading https://gr.maharashtra.gov.in/Site/Upload/Government%20Resolutions/English/202010051641454727.pdf
	Saving on archive
**Uploaded: in.gov.maharashtra.gr.202010051641454727 https://s3.us.archive.org/in.gov.maharashtra.gr.202010051641454727/202010051641454727.pdf

Success: https://s3.us.archive.org/in.gov.maharashtra.gr.202010051641454727/202010051641454727.pdf
*** Uploading 202010051448301027 [20/65]
Downloading https://gr.maharashtra.gov.in/Site/Upload/Government%20Resolutions/English/202010051448301027.pdf
	Saving on archive
**Uploaded: in.gov.maharashtra.gr.202010051448301027 https://s3.us.archive.org/in.gov.maharashtra.gr.202010051448301027/202010051448301027.pdf

Success: https://s3.us.archive.org/in.gov.maharashtra.gr.202010051448301027/202010051448301027.pdf
*** Uploading 202010051454528227 [21/65]
Downloading https://gr.maharashtra.gov.in/Site/Upload/Government%20Resolutions/English/202010051454528227.pdf
	Saving on archive
**Uploaded: in.gov.maharashtra.gr.202010051454528227 https://s3.us.archive.org/in.gov.maharashtra.gr.202010051454528227/202010051454528227.pdf

Success: https://s3.us.archive.org/in.gov.maharashtra.gr.202010051454528227/202010051454528227.pdf
*** Uploading 202010051332111728 [22/65]
Downloading https://gr.maharashtra.gov.in/Site/Upload/Government%20Resolutions/English/202010051332111728.pdf
	Saving on archive
**Uploaded: in.gov.maharashtra.gr.202010051332111728 https://s3.us.archive.org/in.gov.maharashtra.gr.202010051332111728/202010051332111728.pdf

Success: https://s3.us.archive.org/in.gov.maharashtra.gr.202010051332111728/202010051332111728.pdf
*** Uploading 202010051249413629 [23/65]
Downloading https://gr.maharashtra.gov.in/Site/Upload/Government%20Resolutions/English/202010051249413629.pdf
	Saving on archive
**Uploaded: in.gov.maharashtra.gr.202010051249413629 https://s3.us.archive.org/in.gov.maharashtra.gr.202010051249413629/202010051249413629.pdf

Success: https://s3.us.archive.org/in.gov.maharashtra.gr.202010051249413629/202010051249413629.pdf
*** Uploading 202010051327485429 [24/65]
Downloading https://gr.maharashtra.gov.in/Site/Upload/Government%20Resolutions/English/202010051327485429.pdf
	Saving on archive
**Uploaded: in.gov.maharashtra.gr.202010051327485429 https://s3.us.archive.org/in.gov.maharashtra.gr.202010051327485429/202010051327485429.pdf

Success: https://s3.us.archive.org/in.gov.maharashtra.gr.202010051327485429/202010051327485429.pdf
*** Uploading 202010011718178901 [25/65]
Downloading https://gr.maharashtra.gov.in/Site/Upload/Government%20Resolutions/English/202010011718178901.pdf
	Saving on archive
**Uploaded: in.gov.maharashtra.gr.202010011718178901 https://s3.us.archive.org/in.gov.maharashtra.gr.202010011718178901/202010011718178901.pdf

Success: https://s3.us.archive.org/in.gov.maharashtra.gr.202010011718178901/202010011718178901.pdf
*** Uploading 202010011738453501 [26/65]
Downloading https://gr.maharashtra.gov.in/Site/Upload/Government%20Resolutions/English/202010011738453501.pdf
	Saving on archive
**Uploaded: in.gov.maharashtra.gr.202010011738453501 https://s3.us.archive.org/in.gov.maharashtra.gr.202010011738453501/202010011738453501.pdf

Success: https://s3.us.archive.org/in.gov.maharashtra.gr.202010011738453501/202010011738453501.pdf
*** Uploading 202010011751055001 [27/65]
Downloading https://gr.maharashtra.gov.in/Site/Upload/Government%20Resolutions/English/202010011751055001.pdf
	Saving on archive
**Uploaded: in.gov.maharashtra.gr.202010011751055001 https://s3.us.archive.org/in.gov.maharashtra.gr.202010011751055001/202010011751055001.pdf

Success: https://s3.us.archive.org/in.gov.maharashtra.gr.202010011751055001/202010011751055001.pdf
*** Uploading 202010011520012103 [28/65]
Downloading https://gr.maharashtra.gov.in/Site/Upload/Government%20Resolutions/English/202010011520012103.pdf
	Saving on archive
**Uploaded: in.gov.maharashtra.gr.202010011520012103 https://s3.us.archive.org/in.gov.maharashtra.gr.202010011520012103/202010011520012103.pdf

Success: https://s3.us.archive.org/in.gov.maharashtra.gr.202010011520012103/202010011520012103.pdf
*** Uploading 202010011756463508 [29/65]
Downloading https://gr.maharashtra.gov.in/Site/Upload/Government%20Resolutions/English/202010011756463508.pdf
	Saving on archive
**Uploaded: in.gov.maharashtra.gr.202010011756463508 https://s3.us.archive.org/in.gov.maharashtra.gr.202010011756463508/202010011756463508.pdf

Success: https://s3.us.archive.org/in.gov.maharashtra.gr.202010011756463508/202010011756463508.pdf
*** Uploading 202010011802447508 [30/65]
Downloading https://gr.maharashtra.gov.in/Site/Upload/Government%20Resolutions/English/202010011802447508.pdf
	Saving on archive
**Uploaded: in.gov.maharashtra.gr.202010011802447508 https://s3.us.archive.org/in.gov.maharashtra.gr.202010011802447508/202010011802447508.pdf

Success: https://s3.us.archive.org/in.gov.maharashtra.gr.202010011802447508/202010011802447508.pdf
*** Uploading 202010011834305608 [31/65]
Downloading https://gr.maharashtra.gov.in/Site/Upload/Government%20Resolutions/English/202010011834305608.pdf
	Saving on archive
**Uploaded: in.gov.maharashtra.gr.202010011834305608 https://s3.us.archive.org/in.gov.maharashtra.gr.202010011834305608/202010011834305608.pdf

Success: https://s3.us.archive.org/in.gov.maharashtra.gr.202010011834305608/202010011834305608.pdf
*** Uploading 202010011843056008 [32/65]
Downloading https://gr.maharashtra.gov.in/Site/Upload/Government%20Resolutions/English/202010011843056008.pdf
	Saving on archive
**Uploaded: in.gov.maharashtra.gr.202010011843056008 https://s3.us.archive.org/in.gov.maharashtra.gr.202010011843056008/202010011843056008.pdf

Success: https://s3.us.archive.org/in.gov.maharashtra.gr.202010011843056008/202010011843056008.pdf
*** Uploading 202010011848218808 [33/65]
Downloading https://gr.maharashtra.gov.in/Site/Upload/Government%20Resolutions/English/202010011848218808.pdf
	Saving on archive
**Uploaded: in.gov.maharashtra.gr.202010011848218808 https://s3.us.archive.org/in.gov.maharashtra.gr.202010011848218808/202010011848218808.pdf

Success: https://s3.us.archive.org/in.gov.maharashtra.gr.202010011848218808/202010011848218808.pdf
*** Uploading 202010011852555508 [34/65]
Downloading https://gr.maharashtra.gov.in/Site/Upload/Government%20Resolutions/English/202010011852555508.pdf
	Saving on archive
**Uploaded: in.gov.maharashtra.gr.202010011852555508 https://s3.us.archive.org/in.gov.maharashtra.gr.202010011852555508/202010011852555508.pdf

Success: https://s3.us.archive.org/in.gov.maharashtra.gr.202010011852555508/202010011852555508.pdf
*** Uploading 202010011857352308 [35/65]
Downloading https://gr.maharashtra.gov.in/Site/Upload/Government%20Resolutions/English/202010011857352308.pdf
	Saving on archive
**Uploaded: in.gov.maharashtra.gr.202010011857352308 https://s3.us.archive.org/in.gov.maharashtra.gr.202010011857352308/202010011857352308.pdf

Success: https://s3.us.archive.org/in.gov.maharashtra.gr.202010011857352308/202010011857352308.pdf
*** Uploading 202010011902126808 [36/65]
Downloading https://gr.maharashtra.gov.in/Site/Upload/Government%20Resolutions/English/202010011902126808.pdf
	Saving on archive
**Uploaded: in.gov.maharashtra.gr.202010011902126808 https://s3.us.archive.org/in.gov.maharashtra.gr.202010011902126808/202010011902126808.pdf

Success: https://s3.us.archive.org/in.gov.maharashtra.gr.202010011902126808/202010011902126808.pdf
*** Uploading 202010011457035014 [37/65]
Downloading https://gr.maharashtra.gov.in/Site/Upload/Government%20Resolutions/English/202010011457035014....pdf
	Saving on archive
**Uploaded: in.gov.maharashtra.gr.202010011457035014 https://s3.us.archive.org/in.gov.maharashtra.gr.202010011457035014/202010011457035014.pdf

Success: https://s3.us.archive.org/in.gov.maharashtra.gr.202010011457035014/202010011457035014.pdf
*** Uploading 202010011436433217 [38/65]
Downloading https://gr.maharashtra.gov.in/Site/Upload/Government%20Resolutions/English/202010011436433217.pdf
	Saving on archive
**Uploaded: in.gov.maharashtra.gr.202010011436433217 https://s3.us.archive.org/in.gov.maharashtra.gr.202010011436433217/202010011436433217.pdf

Success: https://s3.us.archive.org/in.gov.maharashtra.gr.202010011436433217/202010011436433217.pdf
*** Uploading 202008181648373917 [39/65]
Downloading https://gr.maharashtra.gov.in/Site/Upload/Government%20Resolutions/English/202008181648373917.pdf
	Saving on archive
**Uploaded: in.gov.maharashtra.gr.202008181648373917 https://s3.us.archive.org/in.gov.maharashtra.gr.202008181648373917/202008181648373917.pdf

Success: https://s3.us.archive.org/in.gov.maharashtra.gr.202008181648373917/202008181648373917.pdf
*** Uploading 202009291508002117 [40/65]
Downloading https://gr.maharashtra.gov.in/Site/Upload/Government%20Resolutions/English/202009291508002117.pdf
	Saving on archive
**Uploaded: in.gov.maharashtra.gr.202009291508002117 https://s3.us.archive.org/in.gov.maharashtra.gr.202009291508002117/202009291508002117.pdf

Success: https://s3.us.archive.org/in.gov.maharashtra.gr.202009291508002117/202009291508002117.pdf
*** Uploading 202010011630135417 [41/65]
Downloading https://gr.maharashtra.gov.in/Site/Upload/Government%20Resolutions/English/202010011630135417.pdf
	Saving on archive
Exeption as  error uploading 202010011630135417.pdf to in.gov.maharashtra.gr.202010011630135417, Please reduce your request rate. - total_tasks_queued exceeds global_limit
Failed
*** Uploading 202010011514114319 [42/65]
Downloading https://gr.maharashtra.gov.in/Site/Upload/Government%20Resolutions/English/202010011514114319.pdf
	Saving on archive
**Uploaded: in.gov.maharashtra.gr.202010011514114319 https://s3.us.archive.org/in.gov.maharashtra.gr.202010011514114319/202010011514114319.pdf

Success: https://s3.us.archive.org/in.gov.maharashtra.gr.202010011514114319/202010011514114319.pdf
*** Uploading 202010011154147719 [43/65]
Downloading https://gr.maharashtra.gov.in/Site/Upload/Government%20Resolutions/English/202010011154147719.pdf
	Saving on archive
**Uploaded: in.gov.maharashtra.gr.202010011154147719 https://s3.us.archive.org/in.gov.maharashtra.gr.202010011154147719/202010011154147719.pdf

Success: https://s3.us.archive.org/in.gov.maharashtra.gr.202010011154147719/202010011154147719.pdf
*** Uploading 202010011508333119 [44/65]
Downloading https://gr.maharashtra.gov.in/Site/Upload/Government%20Resolutions/English/202010011508333119.pdf
	Saving on archive
**Uploaded: in.gov.maharashtra.gr.202010011508333119 https://s3.us.archive.org/in.gov.maharashtra.gr.202010011508333119/202010011508333119.pdf

Success: https://s3.us.archive.org/in.gov.maharashtra.gr.202010011508333119/202010011508333119.pdf
*** Uploading 202010011812567419 [45/65]
Downloading https://gr.maharashtra.gov.in/Site/Upload/Government%20Resolutions/English/202010011812567419.pdf
	Saving on archive
**Uploaded: in.gov.maharashtra.gr.202010011812567419 https://s3.us.archive.org/in.gov.maharashtra.gr.202010011812567419/202010011812567419.pdf

Success: https://s3.us.archive.org/in.gov.maharashtra.gr.202010011812567419/202010011812567419.pdf
*** Uploading 202010011607298019 [46/65]
Downloading https://gr.maharashtra.gov.in/Site/Upload/Government%20Resolutions/English/202010011607298019.pdf
	Saving on archive
**Uploaded: in.gov.maharashtra.gr.202010011607298019 https://s3.us.archive.org/in.gov.maharashtra.gr.202010011607298019/202010011607298019.pdf

Success: https://s3.us.archive.org/in.gov.maharashtra.gr.202010011607298019/202010011607298019.pdf
*** Uploading 202010051522527419 [47/65]
Downloading https://gr.maharashtra.gov.in/Site/Upload/Government%20Resolutions/English/202010051522527419.pdf
	Saving on archive
**Uploaded: in.gov.maharashtra.gr.202010051522527419 https://s3.us.archive.org/in.gov.maharashtra.gr.202010051522527419/202010051522527419.pdf

Success: https://s3.us.archive.org/in.gov.maharashtra.gr.202010051522527419/202010051522527419.pdf
*** Uploading 202010011816444319 [48/65]
Downloading https://gr.maharashtra.gov.in/Site/Upload/Government%20Resolutions/English/202010011816444319.pdf
	Saving on archive
**Uploaded: in.gov.maharashtra.gr.202010011816444319 https://s3.us.archive.org/in.gov.maharashtra.gr.202010011816444319/202010011816444319.pdf

Success: https://s3.us.archive.org/in.gov.maharashtra.gr.202010011816444319/202010011816444319.pdf
*** Uploading 202010011553007220 [49/65]
Downloading https://gr.maharashtra.gov.in/Site/Upload/Government%20Resolutions/English/202010011553007220.pdf
	Saving on archive
**Uploaded: in.gov.maharashtra.gr.202010011553007220 https://s3.us.archive.org/in.gov.maharashtra.gr.202010011553007220/202010011553007220.pdf

Success: https://s3.us.archive.org/in.gov.maharashtra.gr.202010011553007220/202010011553007220.pdf
*** Uploading 202010011645555421 [50/65]
Downloading https://gr.maharashtra.gov.in/Site/Upload/Government%20Resolutions/English/202010011645555421.pdf
	Saving on archive
**Uploaded: in.gov.maharashtra.gr.202010011645555421 https://s3.us.archive.org/in.gov.maharashtra.gr.202010011645555421/202010011645555421.pdf

Success: https://s3.us.archive.org/in.gov.maharashtra.gr.202010011645555421/202010011645555421.pdf
*** Uploading 202010011654234421 [51/65]
Downloading https://gr.maharashtra.gov.in/Site/Upload/Government%20Resolutions/English/202010011654234421.pdf
	Saving on archive
**Uploaded: in.gov.maharashtra.gr.202010011654234421 https://s3.us.archive.org/in.gov.maharashtra.gr.202010011654234421/202010011654234421.pdf

Success: https://s3.us.archive.org/in.gov.maharashtra.gr.202010011654234421/202010011654234421.pdf
*** Uploading 202010011659586021 [52/65]
Downloading https://gr.maharashtra.gov.in/Site/Upload/Government%20Resolutions/English/202010011659586021.pdf
	Saving on archive
**Uploaded: in.gov.maharashtra.gr.202010011659586021 https://s3.us.archive.org/in.gov.maharashtra.gr.202010011659586021/202010011659586021.pdf

Success: https://s3.us.archive.org/in.gov.maharashtra.gr.202010011659586021/202010011659586021.pdf
*** Uploading 202010011250113721 [53/65]
Downloading https://gr.maharashtra.gov.in/Site/Upload/Government%20Resolutions/English/202010011250113721.pdf
	Saving on archive
**Uploaded: in.gov.maharashtra.gr.202010011250113721 https://s3.us.archive.org/in.gov.maharashtra.gr.202010011250113721/202010011250113721.pdf

Success: https://s3.us.archive.org/in.gov.maharashtra.gr.202010011250113721/202010011250113721.pdf
*** Uploading 202010011443518422 [54/65]
Downloading https://gr.maharashtra.gov.in/Site/Upload/Government%20Resolutions/English/202010011443518422.pdf
	Saving on archive
**Uploaded: in.gov.maharashtra.gr.202010011443518422 https://s3.us.archive.org/in.gov.maharashtra.gr.202010011443518422/202010011443518422.pdf

Success: https://s3.us.archive.org/in.gov.maharashtra.gr.202010011443518422/202010011443518422.pdf
*** Uploading 202010011634061924 [55/65]
Downloading https://gr.maharashtra.gov.in/Site/Upload/Government%20Resolutions/English/202010011634061924.pdf
	Saving on archive
**Uploaded: in.gov.maharashtra.gr.202010011634061924 https://s3.us.archive.org/in.gov.maharashtra.gr.202010011634061924/202010011634061924.pdf

Success: https://s3.us.archive.org/in.gov.maharashtra.gr.202010011634061924/202010011634061924.pdf
*** Uploading 202010011516345928 [56/65]
Downloading https://gr.maharashtra.gov.in/Site/Upload/Government%20Resolutions/English/202010011516345928.pdf
	Saving on archive
**Uploaded: in.gov.maharashtra.gr.202010011516345928 https://s3.us.archive.org/in.gov.maharashtra.gr.202010011516345928/202010011516345928.pdf

Success: https://s3.us.archive.org/in.gov.maharashtra.gr.202010011516345928/202010011516345928.pdf
*** Uploading 202010011516448228 [57/65]
Downloading https://gr.maharashtra.gov.in/Site/Upload/Government%20Resolutions/English/202010011516448228.pdf
	Saving on archive
**Uploaded: in.gov.maharashtra.gr.202010011516448228 https://s3.us.archive.org/in.gov.maharashtra.gr.202010011516448228/202010011516448228.pdf

Success: https://s3.us.archive.org/in.gov.maharashtra.gr.202010011516448228/202010011516448228.pdf
*** Uploading 202010011516532528 [58/65]
Downloading https://gr.maharashtra.gov.in/Site/Upload/Government%20Resolutions/English/202010011516532528.pdf
	Saving on archive
**Uploaded: in.gov.maharashtra.gr.202010011516532528 https://s3.us.archive.org/in.gov.maharashtra.gr.202010011516532528/202010011516532528.pdf

Success: https://s3.us.archive.org/in.gov.maharashtra.gr.202010011516532528/202010011516532528.pdf
*** Uploading 202010011438560828 [59/65]
Downloading https://gr.maharashtra.gov.in/Site/Upload/Government%20Resolutions/English/202010011438560828.pdf
	Saving on archive
**Uploaded: in.gov.maharashtra.gr.202010011438560828 https://s3.us.archive.org/in.gov.maharashtra.gr.202010011438560828/202010011438560828.pdf

Success: https://s3.us.archive.org/in.gov.maharashtra.gr.202010011438560828/202010011438560828.pdf
*** Uploading 202010011827256029 [60/65]
Downloading https://gr.maharashtra.gov.in/Site/Upload/Government%20Resolutions/English/202010011827256029.pdf
	Saving on archive
**Uploaded: in.gov.maharashtra.gr.202010011827256029 https://s3.us.archive.org/in.gov.maharashtra.gr.202010011827256029/202010011827256029.pdf

Success: https://s3.us.archive.org/in.gov.maharashtra.gr.202010011827256029/202010011827256029.pdf
*** Uploading 202010012117468429 [61/65]
Downloading https://gr.maharashtra.gov.in/Site/Upload/Government%20Resolutions/English/202010012117468429.pdf
	Saving on archive
**Uploaded: in.gov.maharashtra.gr.202010012117468429 https://s3.us.archive.org/in.gov.maharashtra.gr.202010012117468429/202010012117468429.pdf

Success: https://s3.us.archive.org/in.gov.maharashtra.gr.202010012117468429/202010012117468429.pdf
*** Uploading 202010011735056629 [62/65]
Downloading https://gr.maharashtra.gov.in/Site/Upload/Government%20Resolutions/English/202010011735056629.pdf
	Saving on archive
**Uploaded: in.gov.maharashtra.gr.202010011735056629 https://s3.us.archive.org/in.gov.maharashtra.gr.202010011735056629/202010011735056629.pdf

Success: https://s3.us.archive.org/in.gov.maharashtra.gr.202010011735056629/202010011735056629.pdf
*** Uploading 202010011621175330 [63/65]
Downloading https://gr.maharashtra.gov.in/Site/Upload/Government%20Resolutions/English/202010011621175330.pdf
	Saving on archive
**Uploaded: in.gov.maharashtra.gr.202010011621175330 https://s3.us.archive.org/in.gov.maharashtra.gr.202010011621175330/202010011621175330.pdf

Success: https://s3.us.archive.org/in.gov.maharashtra.gr.202010011621175330/202010011621175330.pdf
*** Uploading 202010011435310133 [64/65]
Downloading https://gr.maharashtra.gov.in/Site/Upload/Government%20Resolutions/English/202010011435310133.pdf
	Saving on archive
**Uploaded: in.gov.maharashtra.gr.202010011435310133 https://s3.us.archive.org/in.gov.maharashtra.gr.202010011435310133/202010011435310133.pdf

Success: https://s3.us.archive.org/in.gov.maharashtra.gr.202010011435310133/202010011435310133.pdf
